traceloom_report_query_snapshot_v1
columns	issue_id	code	support_state	event_id	final_role	policy_id	rule_id	reason_code	missing_required_fields	missing_capability_rule_ids	related_ids	source_table	source_key
row	t:role-issue-0	t:omitted_event_without_auxiliary_link	t:retained_unplaced	t:event-3	t:auxiliary	t:traceloom.default.accelerator-task-projection	t:ascend.aux.task.type.event.wait.28ab0f94	t:omitted_event_without_auxiliary_link	t:	t:	t:event-3	t:TASK	t:4
