traceloom_report_query_snapshot_v1
columns	event_id	source_path	source_table	source_key	provider	policy_id	rule_id	rule_class	final_role	structural_participation	support_state	reason_code	available_fields	required_fields	missing_required_fields	missing_capability_rule_ids	cost_treatment	context_treatment	provenance_treatment	retained_duration_ns	placement_kind	placement_id	owner_id	node_id	occurrence_idx
row	t:event-0	t:fixture://source/memory	t:TASK	t:1	t:ascend	t:traceloom.default.accelerator-task-projection	t:ascend.aux.task.type.event.wait.28ab0f94	t:positive_policy	t:auxiliary	t:excluded	t:supported	t:matched_positive_rule	t:blob,operator,provider_scope,source_domain,task_type	t:task_type	t:	t:	t:retained_for_attribution	t:retained	t:retained	i:10	t:normalized_event	t:event-0	n:	n:	n:
row	t:event-0	t:fixture://source/memory	t:TASK	t:1	t:ascend	t:traceloom.default.accelerator-task-projection	t:ascend.aux.task.type.event.wait.28ab0f94	t:positive_policy	t:auxiliary	t:excluded	t:supported	t:matched_positive_rule	t:blob,operator,provider_scope,source_domain,task_type	t:task_type	t:	t:	t:retained_for_attribution	t:retained	t:retained	i:10	t:auxiliary_link	t:anchor-0/aux-1	t:anchor-0	t:node-N001	i:1
row	t:event-0	t:fixture://source/memory	t:TASK	t:1	t:ascend	t:traceloom.default.accelerator-task-projection	t:ascend.aux.task.type.event.wait.28ab0f94	t:positive_policy	t:auxiliary	t:excluded	t:supported	t:matched_positive_rule	t:blob,operator,provider_scope,source_domain,task_type	t:task_type	t:	t:	t:retained_for_attribution	t:retained	t:retained	i:10	t:auxiliary_link	t:anchor-0/aux-1	t:anchor-0	t:node-N002	i:1
