traceloom_report_query_snapshot_v1
columns	node_id	occurrence_idx	anchor_id	launch_id	position_order	member_id	observed_order	observed_relation_to_previous	stream_id	lane_ordinal	task_ordinal	identity	kind	policy_role	final_role	duration_ns	scheduled_work_share_ppm	event_id	source_table	source_row_id
row	t:node-1	i:0	t:anchor-1	t:graph-launch-query-1	i:0	t:graph-body-member-query-1	i:0	t:first	i:7	i:0	i:0	t:MatMul	t:compute	t:anchor	t:protected_boundary	i:5000	i:1000000	t:event-anchor-1	t:TASK	i:10
