traceloom_report_query_snapshot_v1
columns	node_id	occurrence_idx	anchor_id	correlation_id	lane_ordinal	task_ordinal	kind	event_id	member_symbol	graph_node_id	original_graph_node_id	source_table	source_row_id	dur_us
row	t:node-1	i:0	t:anchor-1	t:101	i:0	i:0	t:compute	t:event-anchor-1	t:MatMul	i:8589934592	i:4294967296	t:TASK	i:10	f:5
