traceloom_report_query_snapshot_v1
columns	relation_id	provider	api_name	runtime_start_ns	runtime_dur_us	work_kind	device_symbol	device_start_ns	device_dur_us	match_policy	evidence_level	support_state	cardinality
row	t:runtime-device-relation-1	t:cuda	t:cudaLaunchKernel	i:100	f:0.01	t:event	t:kernel	i:1000	f:0.1	t:cuda_correlation_id	t:direct_provider_identifier	t:supported_exact	t:one_to_one
