traceloom_report_query_snapshot_v1
columns	structural_position_id	right_node_symbol	bubble_occurrence_count	supported_host_occurrence_count	missing_endpoint_occurrence_count	nonmonotonic_occurrence_count	other_unsupported_occurrence_count	host_observation_coverage	total_bubble_us	avg_bubble_us	api_family	presence_count	presence_fraction_of_all_bubbles	presence_fraction_of_observable_bubbles	avg_calls_per_bubble	avg_calls_per_observable_bubble	avg_scheduled_overlap_us_per_bubble
row	t:node-1	t:kernel	i:1	i:1	i:0	i:0	i:0	f:1	f:0.9	f:0.9	t:query	i:1	f:1	f:1	f:1	f:1	f:0.01
